[ 2026-10-04 17:18:31,389 ] 11 root - INFO - Starting data ingestion
[ 2026-10-04 17:18:32,141 ] 24 root - INFO - Movies and credits datasets loaded successfully
[ 2026-10-04 17:18:32,141 ] 35 root - INFO - Starting data validation
[ 2026-10-04 17:18:32,142 ] 53 root - INFO - Data validation completed successfully
[ 2026-10-04 17:19:29,043 ] 11 root - INFO - Starting data ingestion
[ 2026-10-04 17:19:29,647 ] 24 root - INFO - Movies and credits datasets loaded successfully
[ 2026-10-04 17:19:29,647 ] 35 root - INFO - Starting data validation
[ 2026-10-04 17:19:29,648 ] 53 root - INFO - Data validation completed successfully
[ 2026-10-04 17:20:13,350 ] 11 root - INFO - Starting data ingestion
[ 2026-10-04 17:20:13,947 ] 24 root - INFO - Movies and credits datasets loaded successfully
[ 2026-10-04 17:20:13,947 ] 35 root - INFO - Starting data validation
[ 2026-10-04 17:20:13,948 ] 53 root - INFO - Data validation completed successfully
[ 2026-10-04 17:21:35,323 ] 11 root - INFO - Starting data ingestion
[ 2026-10-04 17:21:35,986 ] 24 root - INFO - Movies and credits datasets loaded successfully
[ 2026-10-04 17:21:35,987 ] 35 root - INFO - Starting data validation
[ 2026-10-04 17:21:35,987 ] 53 root - INFO - Data validation completed successfully
[ 2026-10-04 17:21:38,158 ] 11 root - INFO - Starting data ingestion
[ 2026-10-04 17:21:38,715 ] 24 root - INFO - Movies and credits datasets loaded successfully
[ 2026-10-04 17:21:38,715 ] 35 root - INFO - Starting data validation
[ 2026-10-04 17:21:38,716 ] 53 root - INFO - Data validation completed successfully
[ 2026-10-04 17:21:38,716 ] 63 root - INFO - Starting data merging
[ 2026-10-04 17:21:38,721 ] 71 root - INFO - Data merging completed successfully
[ 2026-10-04 17:21:56,337 ] 11 root - INFO - Starting data preprocessing
[ 2026-10-04 17:21:56,339 ] 33 root - INFO - Error occurred during data preprocessing
[ 2026-10-04 17:22:13,238 ] 11 root - INFO - Starting data preprocessing
[ 2026-10-04 17:22:13,241 ] 33 root - INFO - Error occurred during data preprocessing
