[ 2026-10-04 20:01:43,654 ] 11 root - INFO - Starting data ingestion
[ 2026-10-04 20:01:44,259 ] 24 root - INFO - Movies and credits datasets loaded successfully
[ 2026-10-04 20:01:44,259 ] 35 root - INFO - Starting data validation
[ 2026-10-04 20:01:44,260 ] 53 root - INFO - Data validation completed successfully
[ 2026-10-04 20:01:47,657 ] 11 root - INFO - Starting data ingestion
[ 2026-10-04 20:01:48,281 ] 24 root - INFO - Movies and credits datasets loaded successfully
[ 2026-10-04 20:01:48,282 ] 35 root - INFO - Starting data validation
[ 2026-10-04 20:01:48,283 ] 53 root - INFO - Data validation completed successfully
[ 2026-10-04 20:01:48,284 ] 63 root - INFO - Starting data merging
[ 2026-10-04 20:01:48,293 ] 72 root - INFO - Data merging completed successfully
[ 2026-10-04 20:01:58,631 ] 11 root - INFO - Starting data ingestion
[ 2026-10-04 20:01:59,183 ] 24 root - INFO - Movies and credits datasets loaded successfully
[ 2026-10-04 20:01:59,183 ] 35 root - INFO - Starting data validation
[ 2026-10-04 20:01:59,184 ] 53 root - INFO - Data validation completed successfully
[ 2026-10-04 20:01:59,184 ] 63 root - INFO - Starting data merging
[ 2026-10-04 20:01:59,191 ] 72 root - INFO - Data merging completed successfully
[ 2026-10-04 20:02:06,786 ] 56 root - INFO - Starting data preprocessing
[ 2026-10-04 20:02:53,328 ] 145 root - INFO - Data preprocessing completed successfully
[ 2026-10-04 20:03:18,211 ] 12 root - INFO - Starting model training
[ 2026-10-04 20:03:18,999 ] 23 root - INFO - TF-IDF and cosine similarity completed successfully
